mode: set
github.com/mahdishafaat/bookings_TrevorSawler/internal/render/render.go:22.40,24.2 1 1
github.com/mahdishafaat/bookings_TrevorSawler/internal/render/render.go:26.84,32.2 5 1
github.com/mahdishafaat/bookings_TrevorSawler/internal/render/render.go:33.105,36.18 2 1
github.com/mahdishafaat/bookings_TrevorSawler/internal/render/render.go:36.18,39.3 1 0
github.com/mahdishafaat/bookings_TrevorSawler/internal/render/render.go:39.8,41.3 1 1
github.com/mahdishafaat/bookings_TrevorSawler/internal/render/render.go:43.2,45.9 2 1
github.com/mahdishafaat/bookings_TrevorSawler/internal/render/render.go:45.9,48.3 2 1
github.com/mahdishafaat/bookings_TrevorSawler/internal/render/render.go:50.2,54.16 4 1
github.com/mahdishafaat/bookings_TrevorSawler/internal/render/render.go:54.16,56.3 1 0
github.com/mahdishafaat/bookings_TrevorSawler/internal/render/render.go:58.2,59.16 2 1
github.com/mahdishafaat/bookings_TrevorSawler/internal/render/render.go:59.16,62.3 2 0
github.com/mahdishafaat/bookings_TrevorSawler/internal/render/render.go:64.2,64.12 1 1
github.com/mahdishafaat/bookings_TrevorSawler/internal/render/render.go:67.67,71.16 3 1
github.com/mahdishafaat/bookings_TrevorSawler/internal/render/render.go:71.16,73.3 1 0
github.com/mahdishafaat/bookings_TrevorSawler/internal/render/render.go:75.2,75.29 1 1
github.com/mahdishafaat/bookings_TrevorSawler/internal/render/render.go:75.29,78.17 3 1
github.com/mahdishafaat/bookings_TrevorSawler/internal/render/render.go:78.17,80.4 1 0
github.com/mahdishafaat/bookings_TrevorSawler/internal/render/render.go:82.3,83.17 2 1
github.com/mahdishafaat/bookings_TrevorSawler/internal/render/render.go:83.17,85.4 1 0
github.com/mahdishafaat/bookings_TrevorSawler/internal/render/render.go:87.3,87.23 1 1
github.com/mahdishafaat/bookings_TrevorSawler/internal/render/render.go:87.23,89.18 2 1
github.com/mahdishafaat/bookings_TrevorSawler/internal/render/render.go:89.18,91.5 1 0
github.com/mahdishafaat/bookings_TrevorSawler/internal/render/render.go:92.4,92.22 1 1
github.com/mahdishafaat/bookings_TrevorSawler/internal/render/render.go:95.2,95.21 1 1
